[root@std1 compose]# docker logs grafana 2>&1 |  grep -i plugin
logger=settings t=2026-09-22T18:23:54.546226559Z level=info msg="Path Plugins" path=/usr/share/grafana/data/plugins
logger=migrator t=2026-09-22T18:23:54.792474444Z level=info msg="Executing migration" id="Add column plugin_id in dashboard"
logger=migrator t=2026-09-22T18:23:54.792993526Z level=info msg="Migration successfully executed" id="Add column plugin_id in dashboard" duration=518.935µs
logger=migrator t=2026-09-22T18:23:54.79573111Z level=info msg="Executing migration" id="Add index for plugin_id in dashboard"
logger=migrator t=2026-09-22T18:23:54.796043986Z level=info msg="Migration successfully executed" id="Add index for plugin_id in dashboard" duration=326.076µs
logger=migrator t=2026-09-22T18:23:55.057027584Z level=info msg="Executing migration" id="create plugin_setting table"
logger=migrator t=2026-09-22T18:23:55.057317488Z level=info msg="Migration successfully executed" id="create plugin_setting table" duration=289.427µs
logger=migrator t=2026-09-22T18:23:55.059564931Z level=info msg="Executing migration" id="create index UQE_plugin_setting_org_id_plugin_id - v1"
logger=migrator t=2026-09-22T18:23:55.05985751Z level=info msg="Migration successfully executed" id="create index UQE_plugin_setting_org_id_plugin_id - v1" duration=292.581µs
logger=migrator t=2026-09-22T18:23:55.062265171Z level=info msg="Executing migration" id="Add column plugin_version to plugin_settings"
logger=migrator t=2026-09-22T18:23:55.063010525Z level=info msg="Migration successfully executed" id="Add column plugin_version to plugin_settings" duration=746.393µs
logger=migrator t=2026-09-22T18:23:55.06527895Z level=info msg="Executing migration" id="Update plugin_setting table charset"
logger=migrator t=2026-09-22T18:23:55.06532785Z level=info msg="Migration successfully executed" id="Update plugin_setting table charset" duration=41.571µs
logger=migrator t=2026-09-22T18:23:56.35405878Z level=info msg="Executing migration" id="add origin to plugin seed_assignment"
logger=migrator t=2026-09-22T18:23:56.354187917Z level=info msg="Migration successfully executed" id="add origin to plugin seed_assignment" duration=129.417µs
logger=plugin.angulardetectorsprovider.dynamic t=2026-09-22T18:23:56.985286943Z level=info msg="Restored cache from database" duration=318.817µs
logger=plugin.store t=2026-09-22T18:23:56.986894914Z level=info msg="Loading plugins..."
logger=plugin.store t=2026-09-22T18:23:57.049118097Z level=info msg="Plugins loaded" count=53 duration=62.22421ms
logger=grafana-apiserver t=2026-09-22T18:23:58.123674014Z level=info msg="Adding GroupVersion plugins.grafana.app v0alpha1 to ResourceManager"
t=2026-09-22T18:23:58.123779058Z level=info caller=logger.go:218 time=2026-09-22T18:23:58.123770318Z msg="Installed APIs for app" app=plugins
t=2026-09-22T18:23:58.483859647Z level=info caller=logger.go:218 time=2026-09-22T18:23:58.483853306Z msg="App initialized" app=plugins
logger=backgroundsvcs.managerAdapter t=2026-09-22T18:23:58.484083129Z level=info msg=starting module=plugins.store
logger=backgroundsvcs.managerAdapter t=2026-09-22T18:23:58.484123566Z level=info msg=starting module=plugin.backgroundinstaller
logger=plugin.backgroundinstaller t=2026-09-22T18:23:58.48413494Z level=info msg="Plugins installed" plugins=[]
logger=plugin.backgroundinstaller t=2026-09-22T18:23:58.484192346Z level=info msg="Installing plugins" plugins="[{ID:grafana-lokiexplore-app Version: URL:} {ID:grafana-pyroscope-app Version: URL:} {ID:grafana-exploretraces-app Version: URL:} {ID:grafana-metricsdrilldown-app Version: URL:}]"
logger=plugin.backgroundinstaller t=2026-09-22T18:23:58.484244385Z level=info msg="Installing plugin" pluginId=grafana-lokiexplore-app version=
logger=plugin.backgroundinstaller t=2026-09-22T18:23:58.487384464Z level=error msg="Failed to install plugin" pluginId=grafana-lokiexplore-app version= error="Get \"https://grafana.com/api/plugins/grafana-lokiexplore-app/versions\": dial tcp: lookup grafana.com on 127.0.0.11:53: server misbehaving"
logger=plugin.backgroundinstaller t=2026-09-22T18:23:58.487419497Z level=info msg="Installing plugin" pluginId=grafana-pyroscope-app version=
logger=plugin.backgroundinstaller t=2026-09-22T18:23:58.48810004Z level=error msg="Failed to install plugin" pluginId=grafana-pyroscope-app version= error="Get \"https://grafana.com/api/plugins/grafana-pyroscope-app/versions\": dial tcp: lookup grafana.com on 127.0.0.11:53: server misbehaving"
logger=plugin.backgroundinstaller t=2026-09-22T18:23:58.488126106Z level=info msg="Installing plugin" pluginId=grafana-exploretraces-app version=
logger=plugin.backgroundinstaller t=2026-09-22T18:23:58.48874666Z level=error msg="Failed to install plugin" pluginId=grafana-exploretraces-app version= error="Get \"https://grafana.com/api/plugins/grafana-exploretraces-app/versions\": dial tcp: lookup grafana.com on 127.0.0.11:53: server misbehaving"
logger=plugin.backgroundinstaller t=2026-09-22T18:23:58.488781683Z level=info msg="Installing plugin" pluginId=grafana-metricsdrilldown-app version=
logger=plugin.backgroundinstaller t=2026-09-22T18:23:58.489372096Z level=error msg="Failed to install plugin" pluginId=grafana-metricsdrilldown-app version= error="Get \"https://grafana.com/api/plugins/grafana-metricsdrilldown-app/versions\": dial tcp: lookup grafana.com on 127.0.0.11:53: server misbehaving"
logger=provisioning.plugins t=2026-09-22T18:23:58.505101018Z level=error msg="Failed to read plugin provisioning files from directory" path=/etc/grafana/provisioning/plugins error="open /etc/grafana/provisioning/plugins: no such file or directory"
logger=backgroundsvcs.managerAdapter t=2026-09-22T18:23:58.95810866Z level=info msg=starting module=*pluginexternal.Service
logger=backgroundsvcs.managerAdapter t=2026-09-22T18:23:58.966673603Z level=info msg=starting module=*updatemanager.PluginsService
logger=plugin.signature.key_retriever t=2026-09-22T18:23:58.976291182Z level=error msg="Error downloading plugin manifest keys" error="Get \"https://grafana.com/api/plugins/ci/keys\": dial tcp: lookup grafana.com on 127.0.0.11:53: server misbehaving"
logger=plugin.angulardetectorsprovider.dynamic t=2026-09-22T18:23:58.976516777Z level=error msg="Error while updating detectors" error="fetch: http do: Get \"https://grafana.com/api/plugins/angular_patterns\": dial tcp: lookup grafana.com on 127.0.0.11:53: server misbehaving"
logger=plugin.angulardetectorsprovider.dynamic t=2026-09-22T18:23:58.976531856Z level=info msg="Patterns update finished" duration=15.762521ms
logger=plugins.update.checker t=2026-09-22T18:23:58.976570717Z level=info msg="flag evaluation succeeded" flag="{Value:false EvaluationDetails:{FlagKey:pluginsAutoUpdate FlagType:bool ResolutionDetail:{Variant:default Reason:STATIC ErrorCode: ErrorMessage: FlagMetadata:map[]}}}" details="{Value:false EvaluationDetails:{FlagKey:pluginsAutoUpdate FlagType:bool ResolutionDetail:{Variant:default Reason:STATIC ErrorCode: ErrorMessage: FlagMetadata:map[]}}}"
logger=plugin.signature.key_retriever t=2026-09-22T18:24:58.981456117Z level=error msg="Error downloading plugin manifest keys" error="Get \"https://grafana.com/api/plugins/ci/keys\": dial tcp: lookup grafana.com on 127.0.0.11:53: server misbehaving"
logger=data-proxy-log t=2026-09-22T18:29:30.814694358Z level=error msg="plugin route is not covered by RBAC and disabled default falling back to 403" route=/api/datasources/proxy/uid/ds-prometheus/api/v1/status/buildinfo method=GET datasource=prometheus
logger=data-proxy-log t=2026-09-22T18:29:30.884084818Z level=error msg="plugin route is not covered by RBAC and disabled default falling back to 403" route=/api/v1/rules method=GET datasource=prometheus
logger=data-proxy-log t=2026-09-22T18:30:00.782321129Z level=error msg="plugin route is not covered by RBAC and disabled default falling back to 403" route=/api/v1/rules method=GET datasource=prometheus
logger=plugins.update.checker t=2026-09-22T18:33:58.984199388Z level=info msg="flag evaluation succeeded" flag="{Value:false EvaluationDetails:{FlagKey:pluginsAutoUpdate FlagType:bool ResolutionDetail:{Variant:default Reason:STATIC ErrorCode: ErrorMessage: FlagMetadata:map[]}}}" details="{Value:false EvaluationDetails:{FlagKey:pluginsAutoUpdate FlagType:bool ResolutionDetail:{Variant:default Reason:STATIC ErrorCode: ErrorMessage: FlagMetadata:map[]}}}"
logger=plugins.update.checker t=2026-09-22T18:43:58.981481412Z level=info msg="flag evaluation succeeded" flag="{Value:false EvaluationDetails:{FlagKey:pluginsAutoUpdate FlagType:bool ResolutionDetail:{Variant:default Reason:STATIC ErrorCode: ErrorMessage: FlagMetadata:map[]}}}" details="{Value:false EvaluationDetails:{FlagKey:pluginsAutoUpdate FlagType:bool ResolutionDetail:{Variant:default Reason:STATIC ErrorCode: ErrorMessage: FlagMetadata:map[]}}}"
logger=plugins.update.checker t=2026-09-22T18:53:58.984014734Z level=info msg="flag evaluation succeeded" flag="{Value:false EvaluationDetails:{FlagKey:pluginsAutoUpdate FlagType:bool ResolutionDetail:{Variant:default Reason:STATIC ErrorCode: ErrorMessage: FlagMetadata:map[]}}}" details="{Value:false EvaluationDetails:{FlagKey:pluginsAutoUpdate FlagType:bool ResolutionDetail:{Variant:default Reason:STATIC ErrorCode: ErrorMessage: FlagMetadata:map[]}}}"
logger=plugins.update.checker t=2026-09-22T19:03:58.981378008Z level=info msg="flag evaluation succeeded" flag="{Value:false EvaluationDetails:{FlagKey:pluginsAutoUpdate FlagType:bool ResolutionDetail:{Variant:default Reason:STATIC ErrorCode: ErrorMessage: FlagMetadata:map[]}}}" details="{Value:false EvaluationDetails:{FlagKey:pluginsAutoUpdate FlagType:bool ResolutionDetail:{Variant:default Reason:STATIC ErrorCode: ErrorMessage: FlagMetadata:map[]}}}"
logger=plugins.update.checker t=2026-09-22T19:13:58.981202518Z level=info msg="flag evaluation succeeded" flag="{Value:false EvaluationDetails:{FlagKey:pluginsAutoUpdate FlagType:bool ResolutionDetail:{Variant:default Reason:STATIC ErrorCode: ErrorMessage: FlagMetadata:map[]}}}" details="{Value:false EvaluationDetails:{FlagKey:pluginsAutoUpdate FlagType:bool ResolutionDetail:{Variant:default Reason:STATIC ErrorCode: ErrorMessage: FlagMetadata:map[]}}}"
logger=plugins.update.checker t=2026-09-22T19:23:58.981585465Z level=info msg="flag evaluation succeeded" flag="{Value:false EvaluationDetails:{FlagKey:pluginsAutoUpdate FlagType:bool ResolutionDetail:{Variant:default Reason:STATIC ErrorCode: ErrorMessage: FlagMetadata:map[]}}}" details="{Value:false EvaluationDetails:{FlagKey:pluginsAutoUpdate FlagType:bool ResolutionDetail:{Variant:default Reason:STATIC ErrorCode: ErrorMessage: FlagMetadata:map[]}}}"
logger=plugins.update.checker t=2026-09-22T19:33:58.980197042Z level=info msg="flag evaluation succeeded" flag="{Value:false EvaluationDetails:{FlagKey:pluginsAutoUpdate FlagType:bool ResolutionDetail:{Variant:default Reason:STATIC ErrorCode: ErrorMessage: FlagMetadata:map[]}}}" details="{Value:false EvaluationDetails:{FlagKey:pluginsAutoUpdate FlagType:bool ResolutionDetail:{Variant:default Reason:STATIC ErrorCode: ErrorMessage: FlagMetadata:map[]}}}"
logger=plugins.update.checker t=2026-09-22T19:43:58.979672739Z level=info msg="flag evaluation succeeded" flag="{Value:false EvaluationDetails:{FlagKey:pluginsAutoUpdate FlagType:bool ResolutionDetail:{Variant:default Reason:STATIC ErrorCode: ErrorMessage: FlagMetadata:map[]}}}" details="{Value:false EvaluationDetails:{FlagKey:pluginsAutoUpdate FlagType:bool ResolutionDetail:{Variant:default Reason:STATIC ErrorCode: ErrorMessage: FlagMetadata:map[]}}}"
logger=plugins.update.checker t=2026-09-22T19:53:58.980560014Z level=info msg="flag evaluation succeeded" flag="{Value:false EvaluationDetails:{FlagKey:pluginsAutoUpdate FlagType:bool ResolutionDetail:{Variant:default Reason:STATIC ErrorCode: ErrorMessage: FlagMetadata:map[]}}}" details="{Value:false EvaluationDetails:{FlagKey:pluginsAutoUpdate FlagType:bool ResolutionDetail:{Variant:default Reason:STATIC ErrorCode: ErrorMessage: FlagMetadata:map[]}}}"
logger=plugins.update.checker t=2026-09-22T20:03:58.978985227Z level=info msg="flag evaluation succeeded" flag="{Value:false EvaluationDetails:{FlagKey:pluginsAutoUpdate FlagType:bool ResolutionDetail:{Variant:default Reason:STATIC ErrorCode: ErrorMessage: FlagMetadata:map[]}}}" details="{Value:false EvaluationDetails:{FlagKey:pluginsAutoUpdate FlagType:bool ResolutionDetail:{Variant:default Reason:STATIC ErrorCode: ErrorMessage: FlagMetadata:map[]}}}"
